// Jest Snapshot v1, https://goo.gl/fbAQLP

exports[`should render ExpenseList with empty message 1`] = `
<div>
  <p>
    No expenses
  </p>
</div>
`;

exports[`should render ExpenseList with expenses 1`] = `
<div>
  <ExpenseListItem
    amount="300"
    createdAt={0}
    description="Water"
    id="1"
    key="1"
    note=""
  />
  <ExpenseListItem
    amount="3000"
    createdAt={-345600000}
    description="Rent"
    id="2"
    key="2"
    note=""
  />
  <ExpenseListItem
    amount="800"
    createdAt={345600000}
    description="Food"
    id="3"
    key="3"
    note=""
  />
</div>
`;
