// Jest Snapshot v1, https://goo.gl/fbAQLP

exports[`should render expense list items with details 1`] = `
<div>
  <h2>
    <[object Object]
      to="edit/1"
    >
      Water
    </[object Object]>
  </h2>
  <p>
    300
    -
    0
  </p>
</div>
`;
