// Jest Snapshot v1, https://goo.gl/fbAQLP

exports[`should render Header correctly 1`] = `
<header>
  <h1>
    Expensify
  </h1>
  <Unknown
    activeClassName="is-active"
    exact={true}
    to="/"
  >
    Dashboard
  </Unknown>
  <Unknown
    activeClassName="is-active"
    to="/create"
  >
    Create Expense
  </Unknown>
</header>
`;
